controller\Chuong.class
set_class\TuLuan.class
application\Main.class
controller\ChinhSuaTracNghiemController$1.class
controller\ChinhSuaTracNghiemController$4.class
controller\ThemTracNghiemController$2.class
controller\ChinhSuaTracNghiemController$3$1.class
set_class\TracNghiem.class
controller\ThemTracNghiemController$3.class
controller\ThemTuLuanController.class
controller\TaoDeThiNgauNhienController.class
controller\ThongTinController.class
controller\ThemTracNghiemController$3$1.class
controller\TaoDeThiBangTayController.class
controller\XemTracNghiemController.class
controller\ChinhSuaTracNghiemController$3.class
controller\ThemTracNghiemController$4.class
controller\XemTracNghiemController$1.class
controller\ChinhSuaTuLuanController$1.class
controller\ThemTracNghiemController.class
controller\ChinhSuaTuLuanController.class
controller\XemTuLuanController.class
controller\ChinhSuaTracNghiemController$2.class
database_access_object\DAO.class
controller\ChinhSuaTracNghiemController.class
controller\ThemTuLuanController$1.class
controller\ThemTracNghiemController$1.class
set_class\DapAnTracNghiem.class
controller\XemTracNghiemController$2.class
set_class\CauHoi.class
