D:\Documents\Eclipse\FiNAL\src\controller\ChinhSuaTuLuanController.java
D:\Documents\Eclipse\FiNAL\src\set_class\DapAnTracNghiem.java
D:\Documents\Eclipse\FiNAL\src\controller\ThemTuLuanController.java
D:\Documents\Eclipse\FiNAL\src\controller\ChinhSuaTracNghiemController.java
D:\Documents\Eclipse\FiNAL\src\controller\XemTracNghiemController.java
D:\Documents\Eclipse\FiNAL\src\controller\ThongTinController.java
D:\Documents\Eclipse\FiNAL\src\controller\ThemTracNghiemController.java
D:\Documents\Eclipse\FiNAL\src\database_access_object\DAO.java
D:\Documents\Eclipse\FiNAL\src\controller\XemTuLuanController.java
D:\Documents\Eclipse\FiNAL\src\controller\Chuong.java
D:\Documents\Eclipse\FiNAL\src\set_class\CauHoi.java
D:\Documents\Eclipse\FiNAL\src\set_class\TuLuan.java
D:\Documents\Eclipse\FiNAL\src\controller\TaoDeThiNgauNhienController.java
D:\Documents\Eclipse\FiNAL\src\controller\TaoDeThiBangTayController.java
D:\Documents\Eclipse\FiNAL\src\set_class\TracNghiem.java
D:\Documents\Eclipse\FiNAL\src\application\Main.java
